// Jest Snapshot v1, https://goo.gl/fbAQLP

exports[`should render expenseListItem with expense 1`] = `
<div>
  <NavLink
    activeClassName="is-active"
    ariaCurrent="true"
    to="/edit/2"
  >
    Rent
  </NavLink>
  <p>
    1095
  </p>
  <p>
    -345600000
  </p>
</div>
`;
